Archive Project report for exp6
Tue Oct  6 16:55:28 2026
Quartus Prime Version 25.1std.0 Build 1129 10/21/2025 SC Lite Edition


---------------------
; Table of Contents ;
---------------------
  1. Legal Notice
  2. Archive Project Summary
  3. Archive Project Messages
  4. Files Archived



----------------
; Legal Notice ;
----------------
Copyright (C) 2025  Altera Corporation. All rights reserved.
Your use of Altera Corporation's design tools, logic functions 
and other software and tools, and any partner logic 
functions, and any output files from any of the foregoing 
(including device programming or simulation files), and any 
associated documentation or information are expressly subject 
to the terms and conditions of the Altera Program License 
Subscription Agreement, the Altera Quartus Prime License Agreement,
the Altera IP License Agreement, or other applicable license
agreement, including, without limitation, that your use is for
the sole purpose of programming logic devices manufactured by
Altera and sold by Altera or its authorized distributors.  Please
refer to the Altera Software License Subscription Agreements 
on the Quartus Prime software download page.



+----------------------------------------------------------------+
; Archive Project Summary                                        ;
+------------------------+---------------------------------------+
; Archive Project Status ; Successful - Tue Oct  6 16:55:28 2026 ;
; Revision Name          ; exp6                                  ;
; Top-level Entity Name  ; sonar                                 ;
; Family                 ; Cyclone V                             ;
+------------------------+---------------------------------------+


+--------------------------+
; Archive Project Messages ;
+--------------------------+
Info: File Set 'Source control' contains:
    Info: Project source and settings files
    Info: Automatically detected source files
Warning: Hierarchical Platform Designer systems and custom IP components(_hw.tcl and associated files) are not archived by the Quartus Archiver
Info: Archive will store files relative to the closest common parent directory
Info (13213): Using common directory C:/labdig2/experiencia6/
Info: ----------------------------------------------------------
Info: ----------------------------------------------------------
Info: Generated archive 'C:/labdig2/experiencia6/quartus/exp6.qar'
Info: ----------------------------------------------------------
Info: ----------------------------------------------------------
Info: Generated report 'exp6.archive.rpt'
Info (23030): Evaluation of Tcl script c:/altera_lite/25.1std/quartus/common/tcl/apps/qpm/qar.tcl was successful
Info: Quartus Prime Shell was successful. 0 errors, 1 warning
    Info: Peak virtual memory: 4866 megabytes
    Info: Processing ended: Tue Oct  6 16:55:28 2026
    Info: Elapsed time: 00:00:03
    Info: Total CPU time (on all processors): 00:00:02


+-------------------------------------------------+
; Files Archived                                  ;
+-------------------------------------------------+
; File Name                                       ;
+-------------------------------------------------+
; ../circuito_pwm.v                               ;
; ../contador_bcd_3digitos.v                      ;
; ../contador_cm.v                                ;
; ../contador_cm_fd.v                             ;
; ../contador_cm_uc.v                             ;
; ../contador_endereco.v                          ;
; ../contador_m.v                                 ;
; ../controle_servo_8.v                           ;
; ../deslocador_n.v                               ;
; ../gerador_pulso.v                              ;
; ../hexa7seg.v                                   ;
; ../interface_hcsr04.v                           ;
; ../interface_hcsr04_fd.v                        ;
; ../interface_hcsr04_uc.v                        ;
; ../registrador_n.v                              ;
; ../rom_angulos_8x24.v                           ;
; ../rx_serial_7E1.v                              ;
; ../rx_serial_7E1_fd.v                           ;
; ../rx_serial_tb.v                               ;
; ../rx_serial_uc.v                               ;
; ../sonar.v                                      ;
; ../sonar_fd.v                                   ;
; ../sonar_mode_tb.v                              ;
; ../sonar_tb.v                                   ;
; ../sonar_uc.v                                   ;
; ../sonar_uc_moore_tb.v                          ;
; ../tx_serial_7E1.v                              ;
; ../tx_serial_7E1_fd.v                           ;
; ../tx_serial_uc.v                               ;
; C:/labdig2/experiencia6/circuito_pwm.v          ;
; C:/labdig2/experiencia6/contador_bcd_3digitos.v ;
; C:/labdig2/experiencia6/contador_cm.v           ;
; C:/labdig2/experiencia6/contador_cm_fd.v        ;
; C:/labdig2/experiencia6/contador_cm_uc.v        ;
; C:/labdig2/experiencia6/contador_endereco.v     ;
; C:/labdig2/experiencia6/contador_m.v            ;
; C:/labdig2/experiencia6/controle_servo_8.v      ;
; C:/labdig2/experiencia6/deslocador_n.v          ;
; C:/labdig2/experiencia6/gerador_pulso.v         ;
; C:/labdig2/experiencia6/hexa7seg.v              ;
; C:/labdig2/experiencia6/interface_hcsr04.v      ;
; C:/labdig2/experiencia6/interface_hcsr04_fd.v   ;
; C:/labdig2/experiencia6/interface_hcsr04_uc.v   ;
; C:/labdig2/experiencia6/registrador_n.v         ;
; C:/labdig2/experiencia6/rom_angulos_8x24.v      ;
; C:/labdig2/experiencia6/rx_serial_7E1.v         ;
; C:/labdig2/experiencia6/rx_serial_7E1_fd.v      ;
; C:/labdig2/experiencia6/rx_serial_tb.v          ;
; C:/labdig2/experiencia6/rx_serial_uc.v          ;
; C:/labdig2/experiencia6/sonar.v                 ;
; C:/labdig2/experiencia6/sonar_fd.v              ;
; C:/labdig2/experiencia6/sonar_mode_tb.v         ;
; C:/labdig2/experiencia6/sonar_tb.v              ;
; C:/labdig2/experiencia6/sonar_uc.v              ;
; C:/labdig2/experiencia6/sonar_uc_moore_tb.v     ;
; C:/labdig2/experiencia6/tx_serial_7E1.v         ;
; C:/labdig2/experiencia6/tx_serial_7E1_fd.v      ;
; C:/labdig2/experiencia6/tx_serial_uc.v          ;
; exp6.qpf                                        ;
; exp6.qsf                                        ;
; exp6_assignment_defaults.qdf                    ;
+-------------------------------------------------+


