------------------------------------------------------------
Timing Analyzer Summary
------------------------------------------------------------

Type  : Slow 1100mV 85C Model Setup 'clock'
Slack : -3.145
TNS   : -352.511

Type  : Slow 1100mV 85C Model Hold 'clock'
Slack : 0.340
TNS   : 0.000

Type  : Slow 1100mV 85C Model Recovery 'clock'
Slack : -0.673
TNS   : -37.382

Type  : Slow 1100mV 85C Model Removal 'clock'
Slack : 0.958
TNS   : 0.000

Type  : Slow 1100mV 85C Model Minimum Pulse Width 'clock'
Slack : -0.538
TNS   : -145.356

Type  : Slow 1100mV 0C Model Setup 'clock'
Slack : -3.133
TNS   : -355.392

Type  : Slow 1100mV 0C Model Hold 'clock'
Slack : 0.328
TNS   : 0.000

Type  : Slow 1100mV 0C Model Recovery 'clock'
Slack : -0.573
TNS   : -31.474

Type  : Slow 1100mV 0C Model Removal 'clock'
Slack : 0.912
TNS   : 0.000

Type  : Slow 1100mV 0C Model Minimum Pulse Width 'clock'
Slack : -0.538
TNS   : -149.647

Type  : Fast 1100mV 85C Model Setup 'clock'
Slack : -1.020
TNS   : -79.270

Type  : Fast 1100mV 85C Model Hold 'clock'
Slack : 0.172
TNS   : 0.000

Type  : Fast 1100mV 85C Model Recovery 'clock'
Slack : 0.149
TNS   : 0.000

Type  : Fast 1100mV 85C Model Removal 'clock'
Slack : 0.449
TNS   : 0.000

Type  : Fast 1100mV 85C Model Minimum Pulse Width 'clock'
Slack : -0.094
TNS   : -16.969

Type  : Fast 1100mV 0C Model Setup 'clock'
Slack : -0.855
TNS   : -63.184

Type  : Fast 1100mV 0C Model Hold 'clock'
Slack : 0.161
TNS   : 0.000

Type  : Fast 1100mV 0C Model Recovery 'clock'
Slack : 0.228
TNS   : 0.000

Type  : Fast 1100mV 0C Model Removal 'clock'
Slack : 0.403
TNS   : 0.000

Type  : Fast 1100mV 0C Model Minimum Pulse Width 'clock'
Slack : -0.097
TNS   : -17.545

------------------------------------------------------------
