------------------------------------------------------------
Timing Analyzer Summary
------------------------------------------------------------

Type  : Slow 1100mV 85C Model Setup 'clock'
Slack : -2.731
TNS   : -175.098

Type  : Slow 1100mV 85C Model Hold 'clock'
Slack : 0.389
TNS   : 0.000

Type  : Slow 1100mV 85C Model Recovery 'clock'
Slack : -0.743
TNS   : -41.648

Type  : Slow 1100mV 85C Model Removal 'clock'
Slack : 0.815
TNS   : 0.000

Type  : Slow 1100mV 85C Model Minimum Pulse Width 'clock'
Slack : -0.538
TNS   : -78.969

Type  : Slow 1100mV 0C Model Setup 'clock'
Slack : -2.855
TNS   : -179.589

Type  : Slow 1100mV 0C Model Hold 'clock'
Slack : 0.364
TNS   : 0.000

Type  : Slow 1100mV 0C Model Recovery 'clock'
Slack : -0.685
TNS   : -36.697

Type  : Slow 1100mV 0C Model Removal 'clock'
Slack : 0.775
TNS   : 0.000

Type  : Slow 1100mV 0C Model Minimum Pulse Width 'clock'
Slack : -0.538
TNS   : -80.733

Type  : Fast 1100mV 85C Model Setup 'clock'
Slack : -0.807
TNS   : -35.980

Type  : Fast 1100mV 85C Model Hold 'clock'
Slack : 0.181
TNS   : 0.000

Type  : Fast 1100mV 85C Model Recovery 'clock'
Slack : 0.101
TNS   : 0.000

Type  : Fast 1100mV 85C Model Removal 'clock'
Slack : 0.373
TNS   : 0.000

Type  : Fast 1100mV 85C Model Minimum Pulse Width 'clock'
Slack : -0.097
TNS   : -9.448

Type  : Fast 1100mV 0C Model Setup 'clock'
Slack : -0.662
TNS   : -29.698

Type  : Fast 1100mV 0C Model Hold 'clock'
Slack : 0.172
TNS   : 0.000

Type  : Fast 1100mV 0C Model Recovery 'clock'
Slack : 0.187
TNS   : 0.000

Type  : Fast 1100mV 0C Model Removal 'clock'
Slack : 0.342
TNS   : 0.000

Type  : Fast 1100mV 0C Model Minimum Pulse Width 'clock'
Slack : -0.097
TNS   : -9.635

------------------------------------------------------------
