Analysis & Synthesis report for desafio-exp3
Wed Sep 16 10:43:51 2026
Quartus Prime Version 20.1.1 Build 720 11/11/2020 SJ Lite Edition


---------------------
; Table of Contents ;
---------------------
  1. Legal Notice
  2. Analysis & Synthesis Summary
  3. Analysis & Synthesis Settings
  4. Parallel Compilation
  5. Analysis & Synthesis Source Files Read
  6. Analysis & Synthesis Resource Usage Summary
  7. Analysis & Synthesis Resource Utilization by Entity
  8. General Register Statistics
  9. Post-Synthesis Netlist Statistics for Top Partition
 10. Elapsed Time Per Partition
 11. Analysis & Synthesis Messages



----------------
; Legal Notice ;
----------------
Copyright (C) 2020  Intel Corporation. All rights reserved.
Your use of Intel Corporation's design tools, logic functions 
and other software and tools, and any partner logic 
functions, and any output files from any of the foregoing 
(including device programming or simulation files), and any 
associated documentation or information are expressly subject 
to the terms and conditions of the Intel Program License 
Subscription Agreement, the Intel Quartus Prime License Agreement,
the Intel FPGA IP License Agreement, or other applicable license
agreement, including, without limitation, that your use is for
the sole purpose of programming logic devices manufactured by
Intel and sold by Intel or its authorized distributors.  Please
refer to the applicable agreement for further details, at
https://fpgasoftware.intel.com/eula.



+-------------------------------------------------------------------------------+
; Analysis & Synthesis Summary                                                  ;
+---------------------------------+---------------------------------------------+
; Analysis & Synthesis Status     ; Successful - Wed Sep 16 10:43:51 2026       ;
; Quartus Prime Version           ; 20.1.1 Build 720 11/11/2020 SJ Lite Edition ;
; Revision Name                   ; desafio-exp3                                ;
; Top-level Entity Name           ; exp3_desafio                                ;
; Family                          ; Cyclone V                                   ;
; Logic utilization (in ALMs)     ; N/A                                         ;
; Total registers                 ; 0                                           ;
; Total pins                      ; 43                                          ;
; Total virtual pins              ; 0                                           ;
; Total block memory bits         ; 0                                           ;
; Total DSP Blocks                ; 0                                           ;
; Total HSSI RX PCSs              ; 0                                           ;
; Total HSSI PMA RX Deserializers ; 0                                           ;
; Total HSSI TX PCSs              ; 0                                           ;
; Total HSSI PMA TX Serializers   ; 0                                           ;
; Total PLLs                      ; 0                                           ;
; Total DLLs                      ; 0                                           ;
+---------------------------------+---------------------------------------------+


+---------------------------------------------------------------------------------------------------------------------------+
; Analysis & Synthesis Settings                                                                                             ;
+---------------------------------------------------------------------------------+--------------------+--------------------+
; Option                                                                          ; Setting            ; Default Value      ;
+---------------------------------------------------------------------------------+--------------------+--------------------+
; Device                                                                          ; 5CEBA4F23C7        ;                    ;
; Top-level entity name                                                           ; exp3_desafio       ; desafio-exp3       ;
; Family name                                                                     ; Cyclone V          ; Cyclone V          ;
; Use smart compilation                                                           ; Off                ; Off                ;
; Enable parallel Assembler and Timing Analyzer during compilation                ; On                 ; On                 ;
; Enable compact report table                                                     ; Off                ; Off                ;
; Restructure Multiplexers                                                        ; Auto               ; Auto               ;
; MLAB Add Timing Constraints For Mixed-Port Feed-Through Mode Setting Don't Care ; Off                ; Off                ;
; Create Debugging Nodes for IP Cores                                             ; Off                ; Off                ;
; Preserve fewer node names                                                       ; On                 ; On                 ;
; Intel FPGA IP Evaluation Mode                                                   ; Enable             ; Enable             ;
; Verilog Version                                                                 ; Verilog_2001       ; Verilog_2001       ;
; VHDL Version                                                                    ; VHDL_1993          ; VHDL_1993          ;
; State Machine Processing                                                        ; Auto               ; Auto               ;
; Safe State Machine                                                              ; Off                ; Off                ;
; Extract Verilog State Machines                                                  ; On                 ; On                 ;
; Extract VHDL State Machines                                                     ; On                 ; On                 ;
; Ignore Verilog initial constructs                                               ; Off                ; Off                ;
; Iteration limit for constant Verilog loops                                      ; 5000               ; 5000               ;
; Iteration limit for non-constant Verilog loops                                  ; 250                ; 250                ;
; Add Pass-Through Logic to Inferred RAMs                                         ; On                 ; On                 ;
; Infer RAMs from Raw Logic                                                       ; On                 ; On                 ;
; Parallel Synthesis                                                              ; On                 ; On                 ;
; DSP Block Balancing                                                             ; Auto               ; Auto               ;
; NOT Gate Push-Back                                                              ; On                 ; On                 ;
; Power-Up Don't Care                                                             ; On                 ; On                 ;
; Remove Redundant Logic Cells                                                    ; Off                ; Off                ;
; Remove Duplicate Registers                                                      ; On                 ; On                 ;
; Ignore CARRY Buffers                                                            ; Off                ; Off                ;
; Ignore CASCADE Buffers                                                          ; Off                ; Off                ;
; Ignore GLOBAL Buffers                                                           ; Off                ; Off                ;
; Ignore ROW GLOBAL Buffers                                                       ; Off                ; Off                ;
; Ignore LCELL Buffers                                                            ; Off                ; Off                ;
; Ignore SOFT Buffers                                                             ; On                 ; On                 ;
; Limit AHDL Integers to 32 Bits                                                  ; Off                ; Off                ;
; Optimization Technique                                                          ; Balanced           ; Balanced           ;
; Carry Chain Length                                                              ; 70                 ; 70                 ;
; Auto Carry Chains                                                               ; On                 ; On                 ;
; Auto Open-Drain Pins                                                            ; On                 ; On                 ;
; Perform WYSIWYG Primitive Resynthesis                                           ; Off                ; Off                ;
; Auto ROM Replacement                                                            ; On                 ; On                 ;
; Auto RAM Replacement                                                            ; On                 ; On                 ;
; Auto DSP Block Replacement                                                      ; On                 ; On                 ;
; Auto Shift Register Replacement                                                 ; Auto               ; Auto               ;
; Allow Shift Register Merging across Hierarchies                                 ; Auto               ; Auto               ;
; Auto Clock Enable Replacement                                                   ; On                 ; On                 ;
; Strict RAM Replacement                                                          ; Off                ; Off                ;
; Allow Synchronous Control Signals                                               ; On                 ; On                 ;
; Force Use of Synchronous Clear Signals                                          ; Off                ; Off                ;
; Auto Resource Sharing                                                           ; Off                ; Off                ;
; Allow Any RAM Size For Recognition                                              ; Off                ; Off                ;
; Allow Any ROM Size For Recognition                                              ; Off                ; Off                ;
; Allow Any Shift Register Size For Recognition                                   ; Off                ; Off                ;
; Use LogicLock Constraints during Resource Balancing                             ; On                 ; On                 ;
; Ignore translate_off and synthesis_off directives                               ; Off                ; Off                ;
; Timing-Driven Synthesis                                                         ; On                 ; On                 ;
; Report Parameter Settings                                                       ; On                 ; On                 ;
; Report Source Assignments                                                       ; On                 ; On                 ;
; Report Connectivity Checks                                                      ; On                 ; On                 ;
; Ignore Maximum Fan-Out Assignments                                              ; Off                ; Off                ;
; Synchronization Register Chain Length                                           ; 3                  ; 3                  ;
; Power Optimization During Synthesis                                             ; Normal compilation ; Normal compilation ;
; HDL message level                                                               ; Level2             ; Level2             ;
; Suppress Register Optimization Related Messages                                 ; Off                ; Off                ;
; Number of Removed Registers Reported in Synthesis Report                        ; 5000               ; 5000               ;
; Number of Swept Nodes Reported in Synthesis Report                              ; 5000               ; 5000               ;
; Number of Inverted Registers Reported in Synthesis Report                       ; 100                ; 100                ;
; Clock MUX Protection                                                            ; On                 ; On                 ;
; Auto Gated Clock Conversion                                                     ; Off                ; Off                ;
; Block Design Naming                                                             ; Auto               ; Auto               ;
; SDC constraint protection                                                       ; Off                ; Off                ;
; Synthesis Effort                                                                ; Auto               ; Auto               ;
; Shift Register Replacement - Allow Asynchronous Clear Signal                    ; On                 ; On                 ;
; Pre-Mapping Resynthesis Optimization                                            ; Off                ; Off                ;
; Analysis & Synthesis Message Level                                              ; Medium             ; Medium             ;
; Disable Register Merging Across Hierarchies                                     ; Auto               ; Auto               ;
; Resource Aware Inference For Block RAM                                          ; On                 ; On                 ;
; Automatic Parallel Synthesis                                                    ; On                 ; On                 ;
; Partial Reconfiguration Bitstream ID                                            ; Off                ; Off                ;
+---------------------------------------------------------------------------------+--------------------+--------------------+


+------------------------------------------+
; Parallel Compilation                     ;
+----------------------------+-------------+
; Processors                 ; Number      ;
+----------------------------+-------------+
; Number detected on machine ; 8           ;
; Maximum allowed            ; 4           ;
;                            ;             ;
; Average used               ; 1.00        ;
; Maximum used               ; 1           ;
;                            ;             ;
; Usage by Processor         ; % Time Used ;
;     Processor 1            ; 100.0%      ;
+----------------------------+-------------+


+--------------------------------------------------------------------------------------------------------------------------------------------------------------------+
; Analysis & Synthesis Source Files Read                                                                                                                             ;
+----------------------------------+-----------------+------------------------+----------------------------------------------------------------------------+---------+
; File Name with User-Entered Path ; Used in Netlist ; File Type              ; File Name with Absolute Path                                               ; Library ;
+----------------------------------+-----------------+------------------------+----------------------------------------------------------------------------+---------+
; ../exp3-arquivos/exp3_desafio.v  ; yes             ; User Verilog HDL File  ; C:/Projetos/T6BA6_3Q2026/labdig2/experiencia3/exp3-arquivos/exp3_desafio.v ;         ;
+----------------------------------+-----------------+------------------------+----------------------------------------------------------------------------+---------+


+-----------------------------------------------------+
; Analysis & Synthesis Resource Usage Summary         ;
+---------------------------------------------+-------+
; Resource                                    ; Usage ;
+---------------------------------------------+-------+
; Estimate of Logic utilization (ALMs needed) ; 0     ;
;                                             ;       ;
; Combinational ALUT usage for logic          ; 0     ;
;     -- 7 input functions                    ; 0     ;
;     -- 6 input functions                    ; 0     ;
;     -- 5 input functions                    ; 0     ;
;     -- 4 input functions                    ; 0     ;
;     -- <=3 input functions                  ; 0     ;
;                                             ;       ;
; Dedicated logic registers                   ; 0     ;
;                                             ;       ;
; I/O pins                                    ; 43    ;
;                                             ;       ;
; Total DSP Blocks                            ; 0     ;
;                                             ;       ;
; Maximum fan-out node                        ; clock ;
; Maximum fan-out                             ; 1     ;
; Total fan-out                               ; 43    ;
; Average fan-out                             ; 0.50  ;
+---------------------------------------------+-------+


+-----------------------------------------------------------------------------------------------------------------------------------------------------------------------------------------+
; Analysis & Synthesis Resource Utilization by Entity                                                                                                                                     ;
+----------------------------+---------------------+---------------------------+-------------------+------------+------+--------------+---------------------+--------------+--------------+
; Compilation Hierarchy Node ; Combinational ALUTs ; Dedicated Logic Registers ; Block Memory Bits ; DSP Blocks ; Pins ; Virtual Pins ; Full Hierarchy Name ; Entity Name  ; Library Name ;
+----------------------------+---------------------+---------------------------+-------------------+------------+------+--------------+---------------------+--------------+--------------+
; |exp3_desafio              ; 0 (0)               ; 0 (0)                     ; 0                 ; 0          ; 43   ; 0            ; |exp3_desafio       ; exp3_desafio ; work         ;
+----------------------------+---------------------+---------------------------+-------------------+------------+------+--------------+---------------------+--------------+--------------+
Note: For table entries with two numbers listed, the numbers in parentheses indicate the number of resources of the given type used by the specific entity alone. The numbers listed outside of parentheses indicate the total resources of the given type used by the specific entity and all of its sub-entities in the hierarchy.


+------------------------------------------------------+
; General Register Statistics                          ;
+----------------------------------------------+-------+
; Statistic                                    ; Value ;
+----------------------------------------------+-------+
; Total registers                              ; 0     ;
; Number of registers using Synchronous Clear  ; 0     ;
; Number of registers using Synchronous Load   ; 0     ;
; Number of registers using Asynchronous Clear ; 0     ;
; Number of registers using Asynchronous Load  ; 0     ;
; Number of registers using Clock Enable       ; 0     ;
; Number of registers using Preset             ; 0     ;
+----------------------------------------------+-------+


+-----------------------------------------------------+
; Post-Synthesis Netlist Statistics for Top Partition ;
+-----------------------+-----------------------------+
; Type                  ; Count                       ;
+-----------------------+-----------------------------+
; arriav_lcell_comb     ; 1                           ;
;     normal            ; 1                           ;
;         0 data inputs ; 1                           ;
; boundary_port         ; 43                          ;
;                       ;                             ;
; Max LUT depth         ; 0.00                        ;
; Average LUT depth     ; 0.00                        ;
+-----------------------+-----------------------------+


+-------------------------------+
; Elapsed Time Per Partition    ;
+----------------+--------------+
; Partition Name ; Elapsed Time ;
+----------------+--------------+
; Top            ; 00:00:00     ;
+----------------+--------------+


+-------------------------------+
; Analysis & Synthesis Messages ;
+-------------------------------+
Info: *******************************************************************
Info: Running Quartus Prime Analysis & Synthesis
    Info: Version 20.1.1 Build 720 11/11/2020 SJ Lite Edition
    Info: Processing started: Wed Sep 16 10:43:40 2026
Info: Command: quartus_map --read_settings_files=on --write_settings_files=off desafio-exp3 -c desafio-exp3
Warning (18236): Number of processors has not been specified which may cause overloading on shared machines.  Set the global assignment NUM_PARALLEL_PROCESSORS in your QSF to an appropriate value for best performance.
Info (20030): Parallel compilation is enabled and will use 4 of the 4 processors detected
Info (12021): Found 1 design units, including 1 entities, in source file /projetos/t6ba6_3q2026/labdig2/experiencia3/exp3-arquivos/registrador_n.v
    Info (12023): Found entity 1: registrador_n File: C:/Projetos/T6BA6_3Q2026/labdig2/experiencia3/exp3-arquivos/registrador_n.v Line: 17
Info (12021): Found 1 design units, including 1 entities, in source file /projetos/t6ba6_3q2026/labdig2/experiencia3/exp3-arquivos/interface_hcsr04_uc.v
    Info (12023): Found entity 1: interface_hcsr04_uc File: C:/Projetos/T6BA6_3Q2026/labdig2/experiencia3/exp3-arquivos/interface_hcsr04_uc.v Line: 14
Info (12021): Found 1 design units, including 1 entities, in source file /projetos/t6ba6_3q2026/labdig2/experiencia3/exp3-arquivos/interface_hcsr04_tb.v
    Info (12023): Found entity 1: interface_hcsr04_tb File: C:/Projetos/T6BA6_3Q2026/labdig2/experiencia3/exp3-arquivos/interface_hcsr04_tb.v Line: 18
Info (12021): Found 1 design units, including 1 entities, in source file /projetos/t6ba6_3q2026/labdig2/experiencia3/exp3-arquivos/interface_hcsr04_fd.v
    Info (12023): Found entity 1: interface_hcsr04_fd File: C:/Projetos/T6BA6_3Q2026/labdig2/experiencia3/exp3-arquivos/interface_hcsr04_fd.v Line: 15
Info (12021): Found 1 design units, including 1 entities, in source file /projetos/t6ba6_3q2026/labdig2/experiencia3/exp3-arquivos/interface_hcsr04.v
    Info (12023): Found entity 1: interface_hcsr04 File: C:/Projetos/T6BA6_3Q2026/labdig2/experiencia3/exp3-arquivos/interface_hcsr04.v Line: 13
Info (12021): Found 1 design units, including 1 entities, in source file /projetos/t6ba6_3q2026/labdig2/experiencia3/exp3-arquivos/hexa7seg.v
    Info (12023): Found entity 1: hexa7seg File: C:/Projetos/T6BA6_3Q2026/labdig2/experiencia3/exp3-arquivos/hexa7seg.v Line: 22
Info (12021): Found 1 design units, including 1 entities, in source file /projetos/t6ba6_3q2026/labdig2/experiencia3/exp3-arquivos/gerador_pulso_tb.v
    Info (12023): Found entity 1: gerador_pulso_tb File: C:/Projetos/T6BA6_3Q2026/labdig2/experiencia3/exp3-arquivos/gerador_pulso_tb.v Line: 15
Info (12021): Found 1 design units, including 1 entities, in source file /projetos/t6ba6_3q2026/labdig2/experiencia3/exp3-arquivos/gerador_pulso.v
    Info (12023): Found entity 1: gerador_pulso File: C:/Projetos/T6BA6_3Q2026/labdig2/experiencia3/exp3-arquivos/gerador_pulso.v Line: 14
Info (12021): Found 1 design units, including 1 entities, in source file /projetos/t6ba6_3q2026/labdig2/experiencia3/exp3-arquivos/exp3_sensor.v
    Info (12023): Found entity 1: exp3_sensor File: C:/Projetos/T6BA6_3Q2026/labdig2/experiencia3/exp3-arquivos/exp3_sensor.v Line: 17
Info (12021): Found 1 design units, including 1 entities, in source file /projetos/t6ba6_3q2026/labdig2/experiencia3/exp3-arquivos/exp3_desafio.v
    Info (12023): Found entity 1: exp3_desafio File: C:/Projetos/T6BA6_3Q2026/labdig2/experiencia3/exp3-arquivos/exp3_desafio.v Line: 1
Info (12021): Found 1 design units, including 1 entities, in source file /projetos/t6ba6_3q2026/labdig2/experiencia3/exp3-arquivos/edge_detector.v
    Info (12023): Found entity 1: edge_detector File: C:/Projetos/T6BA6_3Q2026/labdig2/experiencia3/exp3-arquivos/edge_detector.v Line: 19
Info (12021): Found 1 design units, including 1 entities, in source file /projetos/t6ba6_3q2026/labdig2/experiencia3/exp3-arquivos/contador_m_tb.v
    Info (12023): Found entity 1: contador_m_tb File: C:/Projetos/T6BA6_3Q2026/labdig2/experiencia3/exp3-arquivos/contador_m_tb.v Line: 18
Info (12021): Found 1 design units, including 1 entities, in source file /projetos/t6ba6_3q2026/labdig2/experiencia3/exp3-arquivos/contador_m.v
    Info (12023): Found entity 1: contador_m File: C:/Projetos/T6BA6_3Q2026/labdig2/experiencia3/exp3-arquivos/contador_m.v Line: 16
Info (12021): Found 1 design units, including 1 entities, in source file /projetos/t6ba6_3q2026/labdig2/experiencia3/exp3-arquivos/contador_cm_uc.v
    Info (12023): Found entity 1: contador_cm_uc File: C:/Projetos/T6BA6_3Q2026/labdig2/experiencia3/exp3-arquivos/contador_cm_uc.v Line: 16
Info (12021): Found 1 design units, including 1 entities, in source file /projetos/t6ba6_3q2026/labdig2/experiencia3/exp3-arquivos/contador_cm_tb.v
    Info (12023): Found entity 1: contador_cm_tb File: C:/Projetos/T6BA6_3Q2026/labdig2/experiencia3/exp3-arquivos/contador_cm_tb.v Line: 17
Info (12021): Found 1 design units, including 1 entities, in source file /projetos/t6ba6_3q2026/labdig2/experiencia3/exp3-arquivos/contador_cm_fd.v
    Info (12023): Found entity 1: contador_cm_fd File: C:/Projetos/T6BA6_3Q2026/labdig2/experiencia3/exp3-arquivos/contador_cm_fd.v Line: 15
Info (12021): Found 1 design units, including 1 entities, in source file /projetos/t6ba6_3q2026/labdig2/experiencia3/exp3-arquivos/contador_cm.v
    Info (12023): Found entity 1: contador_cm File: C:/Projetos/T6BA6_3Q2026/labdig2/experiencia3/exp3-arquivos/contador_cm.v Line: 15
Info (12021): Found 1 design units, including 1 entities, in source file /projetos/t6ba6_3q2026/labdig2/experiencia3/exp3-arquivos/contador_bcd_3digitos_tb.v
    Info (12023): Found entity 1: contador_bcd_3digitos_tb File: C:/Projetos/T6BA6_3Q2026/labdig2/experiencia3/exp3-arquivos/contador_bcd_3digitos_tb.v Line: 15
Info (12021): Found 1 design units, including 1 entities, in source file /projetos/t6ba6_3q2026/labdig2/experiencia3/exp3-arquivos/contador_bcd_3digitos.v
    Info (12023): Found entity 1: contador_bcd_3digitos File: C:/Projetos/T6BA6_3Q2026/labdig2/experiencia3/exp3-arquivos/contador_bcd_3digitos.v Line: 14
Info (12127): Elaborating entity "exp3_desafio" for the top level hierarchy
Warning (10034): Output port "hex0" at exp3_desafio.v(8) has no driver File: C:/Projetos/T6BA6_3Q2026/labdig2/experiencia3/exp3-arquivos/exp3_desafio.v Line: 8
Warning (10034): Output port "hex1" at exp3_desafio.v(9) has no driver File: C:/Projetos/T6BA6_3Q2026/labdig2/experiencia3/exp3-arquivos/exp3_desafio.v Line: 9
Warning (10034): Output port "hex2" at exp3_desafio.v(10) has no driver File: C:/Projetos/T6BA6_3Q2026/labdig2/experiencia3/exp3-arquivos/exp3_desafio.v Line: 10
Warning (10034): Output port "db_posicao" at exp3_desafio.v(17) has no driver File: C:/Projetos/T6BA6_3Q2026/labdig2/experiencia3/exp3-arquivos/exp3_desafio.v Line: 17
Warning (10034): Output port "db_estado" at exp3_desafio.v(19) has no driver File: C:/Projetos/T6BA6_3Q2026/labdig2/experiencia3/exp3-arquivos/exp3_desafio.v Line: 19
Warning (10034): Output port "trigger" at exp3_desafio.v(7) has no driver File: C:/Projetos/T6BA6_3Q2026/labdig2/experiencia3/exp3-arquivos/exp3_desafio.v Line: 7
Warning (10034): Output port "pronto" at exp3_desafio.v(11) has no driver File: C:/Projetos/T6BA6_3Q2026/labdig2/experiencia3/exp3-arquivos/exp3_desafio.v Line: 11
Warning (10034): Output port "controle_servo" at exp3_desafio.v(12) has no driver File: C:/Projetos/T6BA6_3Q2026/labdig2/experiencia3/exp3-arquivos/exp3_desafio.v Line: 12
Warning (10034): Output port "db_medir" at exp3_desafio.v(13) has no driver File: C:/Projetos/T6BA6_3Q2026/labdig2/experiencia3/exp3-arquivos/exp3_desafio.v Line: 13
Warning (10034): Output port "db_echo" at exp3_desafio.v(14) has no driver File: C:/Projetos/T6BA6_3Q2026/labdig2/experiencia3/exp3-arquivos/exp3_desafio.v Line: 14
Warning (10034): Output port "db_trigger" at exp3_desafio.v(15) has no driver File: C:/Projetos/T6BA6_3Q2026/labdig2/experiencia3/exp3-arquivos/exp3_desafio.v Line: 15
Warning (10034): Output port "db_controle" at exp3_desafio.v(16) has no driver File: C:/Projetos/T6BA6_3Q2026/labdig2/experiencia3/exp3-arquivos/exp3_desafio.v Line: 16
Warning (13024): Output pins are stuck at VCC or GND
    Warning (13410): Pin "trigger" is stuck at GND File: C:/Projetos/T6BA6_3Q2026/labdig2/experiencia3/exp3-arquivos/exp3_desafio.v Line: 7
    Warning (13410): Pin "hex0[0]" is stuck at GND File: C:/Projetos/T6BA6_3Q2026/labdig2/experiencia3/exp3-arquivos/exp3_desafio.v Line: 8
    Warning (13410): Pin "hex0[1]" is stuck at GND File: C:/Projetos/T6BA6_3Q2026/labdig2/experiencia3/exp3-arquivos/exp3_desafio.v Line: 8
    Warning (13410): Pin "hex0[2]" is stuck at GND File: C:/Projetos/T6BA6_3Q2026/labdig2/experiencia3/exp3-arquivos/exp3_desafio.v Line: 8
    Warning (13410): Pin "hex0[3]" is stuck at GND File: C:/Projetos/T6BA6_3Q2026/labdig2/experiencia3/exp3-arquivos/exp3_desafio.v Line: 8
    Warning (13410): Pin "hex0[4]" is stuck at GND File: C:/Projetos/T6BA6_3Q2026/labdig2/experiencia3/exp3-arquivos/exp3_desafio.v Line: 8
    Warning (13410): Pin "hex0[5]" is stuck at GND File: C:/Projetos/T6BA6_3Q2026/labdig2/experiencia3/exp3-arquivos/exp3_desafio.v Line: 8
    Warning (13410): Pin "hex0[6]" is stuck at GND File: C:/Projetos/T6BA6_3Q2026/labdig2/experiencia3/exp3-arquivos/exp3_desafio.v Line: 8
    Warning (13410): Pin "hex1[0]" is stuck at GND File: C:/Projetos/T6BA6_3Q2026/labdig2/experiencia3/exp3-arquivos/exp3_desafio.v Line: 9
    Warning (13410): Pin "hex1[1]" is stuck at GND File: C:/Projetos/T6BA6_3Q2026/labdig2/experiencia3/exp3-arquivos/exp3_desafio.v Line: 9
    Warning (13410): Pin "hex1[2]" is stuck at GND File: C:/Projetos/T6BA6_3Q2026/labdig2/experiencia3/exp3-arquivos/exp3_desafio.v Line: 9
    Warning (13410): Pin "hex1[3]" is stuck at GND File: C:/Projetos/T6BA6_3Q2026/labdig2/experiencia3/exp3-arquivos/exp3_desafio.v Line: 9
    Warning (13410): Pin "hex1[4]" is stuck at GND File: C:/Projetos/T6BA6_3Q2026/labdig2/experiencia3/exp3-arquivos/exp3_desafio.v Line: 9
    Warning (13410): Pin "hex1[5]" is stuck at GND File: C:/Projetos/T6BA6_3Q2026/labdig2/experiencia3/exp3-arquivos/exp3_desafio.v Line: 9
    Warning (13410): Pin "hex1[6]" is stuck at GND File: C:/Projetos/T6BA6_3Q2026/labdig2/experiencia3/exp3-arquivos/exp3_desafio.v Line: 9
    Warning (13410): Pin "hex2[0]" is stuck at GND File: C:/Projetos/T6BA6_3Q2026/labdig2/experiencia3/exp3-arquivos/exp3_desafio.v Line: 10
    Warning (13410): Pin "hex2[1]" is stuck at GND File: C:/Projetos/T6BA6_3Q2026/labdig2/experiencia3/exp3-arquivos/exp3_desafio.v Line: 10
    Warning (13410): Pin "hex2[2]" is stuck at GND File: C:/Projetos/T6BA6_3Q2026/labdig2/experiencia3/exp3-arquivos/exp3_desafio.v Line: 10
    Warning (13410): Pin "hex2[3]" is stuck at GND File: C:/Projetos/T6BA6_3Q2026/labdig2/experiencia3/exp3-arquivos/exp3_desafio.v Line: 10
    Warning (13410): Pin "hex2[4]" is stuck at GND File: C:/Projetos/T6BA6_3Q2026/labdig2/experiencia3/exp3-arquivos/exp3_desafio.v Line: 10
    Warning (13410): Pin "hex2[5]" is stuck at GND File: C:/Projetos/T6BA6_3Q2026/labdig2/experiencia3/exp3-arquivos/exp3_desafio.v Line: 10
    Warning (13410): Pin "hex2[6]" is stuck at GND File: C:/Projetos/T6BA6_3Q2026/labdig2/experiencia3/exp3-arquivos/exp3_desafio.v Line: 10
    Warning (13410): Pin "pronto" is stuck at GND File: C:/Projetos/T6BA6_3Q2026/labdig2/experiencia3/exp3-arquivos/exp3_desafio.v Line: 11
    Warning (13410): Pin "controle_servo" is stuck at GND File: C:/Projetos/T6BA6_3Q2026/labdig2/experiencia3/exp3-arquivos/exp3_desafio.v Line: 12
    Warning (13410): Pin "db_medir" is stuck at GND File: C:/Projetos/T6BA6_3Q2026/labdig2/experiencia3/exp3-arquivos/exp3_desafio.v Line: 13
    Warning (13410): Pin "db_echo" is stuck at GND File: C:/Projetos/T6BA6_3Q2026/labdig2/experiencia3/exp3-arquivos/exp3_desafio.v Line: 14
    Warning (13410): Pin "db_trigger" is stuck at GND File: C:/Projetos/T6BA6_3Q2026/labdig2/experiencia3/exp3-arquivos/exp3_desafio.v Line: 15
    Warning (13410): Pin "db_controle" is stuck at GND File: C:/Projetos/T6BA6_3Q2026/labdig2/experiencia3/exp3-arquivos/exp3_desafio.v Line: 16
    Warning (13410): Pin "db_posicao[0]" is stuck at GND File: C:/Projetos/T6BA6_3Q2026/labdig2/experiencia3/exp3-arquivos/exp3_desafio.v Line: 17
    Warning (13410): Pin "db_posicao[1]" is stuck at GND File: C:/Projetos/T6BA6_3Q2026/labdig2/experiencia3/exp3-arquivos/exp3_desafio.v Line: 17
    Warning (13410): Pin "db_estado[0]" is stuck at GND File: C:/Projetos/T6BA6_3Q2026/labdig2/experiencia3/exp3-arquivos/exp3_desafio.v Line: 19
    Warning (13410): Pin "db_estado[1]" is stuck at GND File: C:/Projetos/T6BA6_3Q2026/labdig2/experiencia3/exp3-arquivos/exp3_desafio.v Line: 19
    Warning (13410): Pin "db_estado[2]" is stuck at GND File: C:/Projetos/T6BA6_3Q2026/labdig2/experiencia3/exp3-arquivos/exp3_desafio.v Line: 19
    Warning (13410): Pin "db_estado[3]" is stuck at GND File: C:/Projetos/T6BA6_3Q2026/labdig2/experiencia3/exp3-arquivos/exp3_desafio.v Line: 19
    Warning (13410): Pin "db_estado[4]" is stuck at GND File: C:/Projetos/T6BA6_3Q2026/labdig2/experiencia3/exp3-arquivos/exp3_desafio.v Line: 19
    Warning (13410): Pin "db_estado[5]" is stuck at GND File: C:/Projetos/T6BA6_3Q2026/labdig2/experiencia3/exp3-arquivos/exp3_desafio.v Line: 19
    Warning (13410): Pin "db_estado[6]" is stuck at GND File: C:/Projetos/T6BA6_3Q2026/labdig2/experiencia3/exp3-arquivos/exp3_desafio.v Line: 19
Info (16010): Generating hard_block partition "hard_block:auto_generated_inst"
    Info (16011): Adding 0 node(s), including 0 DDIO, 0 PLL, 0 transceiver and 0 LCELL
Warning (21074): Design contains 6 input pin(s) that do not drive logic
    Warning (15610): No output dependent on input pin "clock" File: C:/Projetos/T6BA6_3Q2026/labdig2/experiencia3/exp3-arquivos/exp3_desafio.v Line: 2
    Warning (15610): No output dependent on input pin "reset" File: C:/Projetos/T6BA6_3Q2026/labdig2/experiencia3/exp3-arquivos/exp3_desafio.v Line: 3
    Warning (15610): No output dependent on input pin "medir" File: C:/Projetos/T6BA6_3Q2026/labdig2/experiencia3/exp3-arquivos/exp3_desafio.v Line: 4
    Warning (15610): No output dependent on input pin "echo" File: C:/Projetos/T6BA6_3Q2026/labdig2/experiencia3/exp3-arquivos/exp3_desafio.v Line: 5
    Warning (15610): No output dependent on input pin "posicao[0]" File: C:/Projetos/T6BA6_3Q2026/labdig2/experiencia3/exp3-arquivos/exp3_desafio.v Line: 6
    Warning (15610): No output dependent on input pin "posicao[1]" File: C:/Projetos/T6BA6_3Q2026/labdig2/experiencia3/exp3-arquivos/exp3_desafio.v Line: 6
Info (21057): Implemented 43 device resources after synthesis - the final resource count might be different
    Info (21058): Implemented 6 input pins
    Info (21059): Implemented 37 output pins
Info: Quartus Prime Analysis & Synthesis was successful. 0 errors, 58 warnings
    Info: Peak virtual memory: 4795 megabytes
    Info: Processing ended: Wed Sep 16 10:43:51 2026
    Info: Elapsed time: 00:00:11
    Info: Total CPU time (on all processors): 00:00:28


